Marker Set: all markers
  M1    M2    M3   INFORM
0.150 0.600 0.250 259.249
0.470 0.210 0.320 252.713
0.800 0.005 0.195 3232.03

Marker Set: CSF1PO D13S317
  M1    M2    M3   INFORM
0.150 0.600 0.250 6.92354
0.470 0.210 0.320 6.29442
0.800 0.005 0.195 85.1943

Marker Set: D16S539 D18S51 D21S11 D3S1358 D5S818 D7S820 D8S1179 FGA
  M1    M2    M3   INFORM
0.150 0.600 0.250 96.6003
0.470 0.210 0.320 81.9826
0.800 0.005 0.195 1040.56

Marker Set: TH01
  M1    M2    M3   INFORM
0.150 0.600 0.250 1.60013
0.470 0.210 0.320 1.75614
0.800 0.005 0.195 2.13298

Marker Set: TPOX vWA
  M1    M2    M3   INFORM
0.150 0.600 0.250 4.05575
0.470 0.210 0.320 5.69113
0.800 0.005 0.195 84.0331
